// Jest Snapshot v1, https://goo.gl/fbAQLP

exports[`<Modal /> Snapshots should match snapshot 1`] = `
<div>
  <div
    class="sc-bZQynM cTcHWk"
  >
    <h1
      class="sc-bdVaJa cUfhWq"
    >
      My awesome title
    </h1>
    <div
      class="sc-gzVnrw fRQiHS"
    />
    <div
      class="sc-htpNat hiNjiC"
    />
    <div
      class="sc-bxivhb Fcsib"
    />
    <div
      class="sc-ifAKCX eNGFoJ"
    />
    <div
      class="sc-EHOje eERDBL"
    />
  </div>
</div>
`;
