// Jest Snapshot v1, https://goo.gl/fbAQLP

exports[`<Modal /> Snapshots should match snapshot 1`] = `
<div>
  <div
    class="sc-htpNat fyMTWp"
  >
    <h1
      class="sc-bdVaJa cUfhWq"
    >
      My awesome title
    </h1>
    <div
      class="sc-bxivhb bzVgvM"
    />
    <div
      class="sc-ifAKCX cSZYAr"
    />
    <div
      class="sc-EHOje fZDMET"
    />
    <div
      class="sc-bZQynM cTONNa"
    />
    <div
      class="sc-gzVnrw hHuWZU"
    />
  </div>
</div>
`;
