// Jest Snapshot v1, https://goo.gl/fbAQLP

exports[`<ProgressBar /> Snapshots should match snapshot 1`] = `
<div>
  <div
    class="sc-bdVaJa lplghd"
    width="100"
  >
    <span
      class="sc-ifAKCX dAMYQy"
    >
      XP
    </span>
    <div
      class="sc-bwzfXH biuUzr"
    />
    <div
      class="sc-htpNat gFDnaA"
    >
      <div
        class="sc-bxivhb dGmYBH"
      />
      <div
        class="sc-bxivhb dGmYBH"
      />
      <div
        class="sc-bxivhb dGmYBH"
      />
      <div
        class="sc-bxivhb dGmYBH"
      />
      <div
        class="sc-bxivhb dGmYBH"
      />
      <div
        class="sc-bxivhb dGmYBH"
      />
      <div
        class="sc-bxivhb dGmYBH"
      />
      <div
        class="sc-bxivhb dGmYBH"
      />
      <div
        class="sc-bxivhb dGmYBH"
      />
      <div
        class="sc-bxivhb dGmYBH"
      />
      <div
        class="sc-bxivhb dGmYBH"
      />
      <div
        class="sc-bxivhb dGmYBH"
      />
      <div
        class="sc-bxivhb dGmYBH"
      />
      <div
        class="sc-bxivhb dGmYBH"
      />
      <div
        class="sc-bxivhb dGmYBH"
      />
      <div
        class="sc-bxivhb dGmYBH"
      />
      <div
        class="sc-bxivhb dGmYBH"
      />
      <div
        class="sc-bxivhb dGmYBH"
      />
      <div
        class="sc-bxivhb dGmYBH"
      />
    </div>
  </div>
</div>
`;
