// Jest Snapshot v1, https://goo.gl/fbAQLP

exports[`<Input /> Snapshots should match snapshot 1`] = `
<div>
  <div
    class="sc-ifAKCX fLrNrX"
  >
    <span
      class="sc-EHOje lmvKLT"
    >
      Say: 
    </span>
    <input
      class="sc-bZQynM cJdTnp"
    />
    <div
      class="sc-bdVaJa fwHBtD"
    />
    <div
      class="sc-bwzfXH dRmJHm"
    />
    <div
      class="sc-htpNat iaYGmT"
    />
    <div
      class="sc-bxivhb fnUviR"
    />
  </div>
</div>
`;
